\BOOKMARK [0][-]{chapter.1}{\376\377\000T\036\325\000n\000g\000\040\000q\000u\000a\000n\000\040\000d\036\361\000\040\000\341\000n}{}% 1
\BOOKMARK [1][-]{section.1.1}{\376\377\000T\000h\000\364\000n\000g\000\040\000t\000i\000n\000\040\000c\000h\000u\000n\000g}{chapter.1}% 2
\BOOKMARK [1][-]{section.1.2}{\376\377\000B\036\321\000i\000\040\000c\036\243\000n\000h}{chapter.1}% 3
\BOOKMARK [1][-]{section.1.3}{\376\377\000G\000i\036\243\000i\000\040\000p\000h\000\341\000p\000\040\001\021\036\301\000\040\000x\000u\036\245\000t}{chapter.1}% 4
\BOOKMARK [1][-]{section.1.4}{\376\377\000P\000h\036\241\000m\000\040\000v\000i}{chapter.1}% 5
\BOOKMARK [2][-]{subsection.1.4.1}{\376\377\000T\000r\000o\000n\000g\000\040\000p\000h\036\241\000m\000\040\000v\000i}{section.1.4}% 6
\BOOKMARK [2][-]{subsection.1.4.2}{\376\377\000N\000g\000o\000\340\000i\000\040\000p\000h\036\241\000m\000\040\000v\000i\000\040\000b\000a\000n\000\040\001\021\036\247\000u}{section.1.4}% 7
\BOOKMARK [1][-]{section.1.5}{\376\377\000P\000h\001\260\001\241\000n\000g\000\040\000p\000h\000\341\000p\000\040\000p\000h\000\341\000t\000\040\000t\000r\000i\036\303\000n}{chapter.1}% 8
\BOOKMARK [0][-]{chapter.2}{\376\377\000P\000h\000\342\000n\000\040\000t\000\355\000c\000h\000\040\000y\000\352\000u\000\040\000c\036\247\000u}{}% 9
\BOOKMARK [1][-]{section.2.1}{\376\377\000T\000\341\000c\000\040\000n\000h\000\342\000n\000\040\000v\000\340\000\040\000t\000h\000\340\000n\000h\000\040\000p\000h\036\247\000n\000\040\000c\000h\000\355\000n\000h}{chapter.2}% 10
\BOOKMARK [1][-]{section.2.2}{\376\377\000F\000u\000n\000c\000t\000i\000o\000n\000a\000l\000\040\000R\000e\000q\000u\000i\000r\000e\000m\000e\000n\000t\000s\000\040\000c\000\363\000\040\000t\000r\000o\000n\000g\000\040\000t\000\340\000i\000\040\000l\000i\036\307\000u\000\040\000n\000g\000u\036\323\000n}{chapter.2}% 11
\BOOKMARK [1][-]{section.2.3}{\376\377\000Y\000\352\000u\000\040\000c\036\247\000u\000\040\000n\000g\000h\000i\036\307\000p\000\040\000v\036\345\000\040\000t\036\353\000\040\000m\000\364\000\040\000t\036\243\000\040\000g\000i\036\243\000i\000\040\000p\000h\000\341\000p}{chapter.2}% 12
\BOOKMARK [1][-]{section.2.4}{\376\377\000Y\000\352\000u\000\040\000c\036\247\000u\000\040\000p\000h\000i\000\040\000c\000h\036\351\000c\000\040\000n\001\003\000n\000g}{chapter.2}% 13
\BOOKMARK [1][-]{section.2.5}{\376\377\000M\000a\000\040\000t\000r\036\255\000n\000\040\000t\000r\000u\000y\000\040\000v\036\277\000t\000\040\000s\001\241\000\040\000b\036\331}{chapter.2}% 14
\BOOKMARK [1][-]{section.2.6}{\376\377\000C\000\341\000c\000\040\001\021\000i\036\303\000m\000\040\000c\036\247\000n\000\040\000c\000h\036\321\000t\000\040\000t\000r\001\260\036\333\000c\000\040\000i\000m\000p\000l\000e\000m\000e\000n\000t\000a\000t\000i\000o\000n}{chapter.2}% 15
\BOOKMARK [0][-]{chapter.3}{\376\377\000P\000h\000\342\000n\000\040\000t\000\355\000c\000h\000\040\000n\000g\000h\000i\036\307\000p\000\040\000v\036\345\000\040\000v\000\340\000\040\000k\000i\036\277\000n\000\040\000t\000r\000\372\000c}{}% 16
\BOOKMARK [1][-]{section.3.1}{\376\377\000K\000i\036\277\000n\000\040\000t\000r\000\372\000c\000\040\000l\000o\000g\000i\000c}{chapter.3}% 17
\BOOKMARK [1][-]{section.3.2}{\376\377\000L\000u\036\323\000n\000g\000\040\000c\000o\000l\000l\000e\000c\000t\000i\000o\000n}{chapter.3}% 18
\BOOKMARK [1][-]{section.3.3}{\376\377\000L\000u\036\323\000n\000g\000\040\000c\036\243\000n\000h\000\040\000b\000\341\000o}{chapter.3}% 19
\BOOKMARK [1][-]{section.3.4}{\376\377\000L\000u\036\323\000n\000g\000\040\000o\000f\000f\000l\000i\000n\000e\000\040\000s\000y\000n\000c\000h\000r\000o\000n\000i\000z\000a\000t\000i\000o\000n}{chapter.3}% 20
\BOOKMARK [1][-]{section.3.5}{\376\377\000Q\000u\000y\000\040\000t\036\257\000c\000\040\000n\000g\000h\000i\036\307\000p\000\040\000v\036\345\000\040\001\021\036\301\000\040\000x\000u\036\245\000t}{chapter.3}% 21
\BOOKMARK [1][-]{section.3.6}{\376\377\000X\036\355\000\040\000l\000\375\000\040\000d\036\357\000\040\000l\000i\036\307\000u\000\040\000b\036\245\000t\000\040\000t\000h\001\260\036\335\000n\000g}{chapter.3}% 22
\BOOKMARK [1][-]{section.3.7}{\376\377\000T\000r\036\241\000n\000g\000\040\000t\000h\000\341\000i\000\040\001\021\036\301\000\040\000x\000u\036\245\000t}{chapter.3}% 23
\BOOKMARK [0][-]{chapter.4}{\376\377\000T\000h\000i\036\277\000t\000\040\000k\036\277\000\040\000U\000M\000L}{}% 24
\BOOKMARK [1][-]{section.4.1}{\376\377\000U\000s\000e\000\040\000C\000a\000s\000e\000\040\000D\000i\000a\000g\000r\000a\000m}{chapter.4}% 25
\BOOKMARK [1][-]{section.4.2}{\376\377\000C\000l\000a\000s\000s\000\040\000D\000i\000a\000g\000r\000a\000m}{chapter.4}% 26
\BOOKMARK [1][-]{section.4.3}{\376\377\000A\000c\000t\000i\000v\000i\000t\000y\000\040\000D\000i\000a\000g\000r\000a\000m}{chapter.4}% 27
\BOOKMARK [1][-]{section.4.4}{\376\377\000N\000h\036\255\000n\000\040\000x\000\351\000t\000\040\000v\036\301\000\040\000t\000\355\000n\000h\000\040\000p\000h\000\371\000\040\000h\036\343\000p}{chapter.4}% 28
\BOOKMARK [0][-]{chapter.5}{\376\377\000T\000h\000i\036\277\000t\000\040\000k\036\277\000\040\000c\001\241\000\040\000s\036\337\000\040\000d\036\357\000\040\000l\000i\036\307\000u}{}% 29
\BOOKMARK [1][-]{section.5.1}{\376\377\000M\000\364\000\040\000h\000\354\000n\000h\000\040\000d\036\357\000\040\000l\000i\036\307\000u\000\040\000t\036\325\000n\000g\000\040\000q\000u\000a\000n}{chapter.5}% 30
\BOOKMARK [1][-]{section.5.2}{\376\377\000E\000R\000D\000\040\000t\036\325\000n\000g\000\040\000q\000u\000a\000n}{chapter.5}% 31
\BOOKMARK [1][-]{section.5.3}{\376\377\000D\000a\000n\000h\000\040\000m\036\345\000c\000\040\000b\036\243\000n\000g}{chapter.5}% 32
\BOOKMARK [1][-]{section.5.4}{\376\377\000Q\000u\000a\000n\000\040\000h\036\307\000\040\000c\000h\000\355\000n\000h}{chapter.5}% 33
\BOOKMARK [1][-]{section.5.5}{\376\377\000K\000h\000\363\000a\000\040\000c\000h\000\355\000n\000h\000,\000\040\000k\000h\000\363\000a\000\040\000n\000g\000o\036\241\000i\000\040\000v\000\340\000\040\000c\000h\000u\036\251\000n\000\040\000h\000\363\000a}{chapter.5}% 34
\BOOKMARK [1][-]{section.5.6}{\376\377\000I\000n\000d\000e\000x\000\040\001\021\036\301\000\040\000x\000u\036\245\000t}{chapter.5}% 35
\BOOKMARK [1][-]{section.5.7}{\376\377\000S\000c\000h\000e\000m\000a\000\040\000c\000h\000i\000\040\000t\000i\036\277\000t}{chapter.5}% 36
